   33  Include\FMTaction.h
    6  Include\FMTactionparser.h
    2  Include\FMTactualdevelopment.h
   17  Include\FMTageyieldhandler.h
   46  Include\FMTareaparser.h
    1  Include\FMTbaseedgeproperties.h
   13  Include\FMTbindingspatialaction.h
   11  Include\FMTbounds.hpp
   21  Include\FMTcomplexyieldhandler.h
    4  Include\FMTconstants.h
   79  Include\FMTconstraint.h
    7  Include\FMTcoordinate.h
    6  Include\FMTdata.h
   30  Include\FMTdevelopment.h
    3  Include\FMTedgeproperties.h
   21  Include\FMTevent.h
   50  Include\FMTeventcontainer.h
    2  Include\FMTExcelExceptionHandler.h
    2  Include\FMTExcelLogger.h
   14  Include\FMTexception.h
   22  Include\FMTexceptionhandler.h
    7  Include\FMTexpression.h
    4  Include\FMTforest.h
    4  Include\FMTfork.h
  150  Include\FMTgraph.hpp
    3  Include\FMTgraphvertextoyield.h
    6  Include\FMTlandscapeparser.h
    4  Include\FMTlayer.hpp
   46  Include\FMTlinegraph.h
   18  Include\FMTlist.hpp
    6  Include\FMTlogger.h
   10  Include\FMTlpheuristic.h
    4  Include\FMTlpheuristicmthandler.h
   77  Include\FMTlpmodel.h
   63  Include\FMTlpsolver.h
   32  Include\FMTmask.h
    3  Include\FMTmaskfilter.h
   28  Include\FMTmatrixbuild.h
  132  Include\FMTmodel.h
   17  Include\FMTmodelparameters.h
   25  Include\FMTmodelparser.h
   10  Include\FMTmodelyieldhandler.h
    5  Include\FMTnssmodel.h
   38  Include\FMTobject.h
   21  Include\FMTopareaschedulertask.h
   34  Include\FMToperatingareacluster.h
   12  Include\FMToperatingareaclusterbinary.h
   49  Include\FMToperatingareaclusterer.h
   70  Include\FMToperatingareascheduler.h
   92  Include\FMToperatingareascheme.h
    3  Include\FMToperator.h
    8  Include\FMToptimizationparser.h
   73  Include\FMToutput.h
   16  Include\FMToutputnode.h
   37  Include\FMToutputnodecache.h
    7  Include\FMToutputparser.h
   39  Include\FMToutputsource.h
   17  Include\FMTparallelwriter.h
    8  Include\FMTplanningtask.h
    2  Include\FMTpredictor.h
    5  Include\FMTpythoncore.h
    3  Include\FMTpythonpickle.h
   16  Include\FMTreplanningtask.h
    9  Include\FMTsamodel.h
   18  Include\FMTschedule.h
    2  Include\FMTscheduleparser.h
   21  Include\FMTsemodel.h
   14  Include\FMTserializablematrix.h
    8  Include\FMTsesmodel.h
    2  Include\FMTsolverlogger.h
   88  Include\FMTspatialschedule.h
   59  Include\FMTsrmodel.h
    2  Include\FMTtask.h
    8  Include\FMTtaskhandler.h
   24  Include\FMTtheme.h
   11  Include\FMTtimeyieldhandler.h
   15  Include\FMTtransition.h
    3  Include\FMTtransitionmask.h
    4  Include\FMTtransitionparser.h
   18  Include\FMTversion.h
    1  Include\FMTvertexproperties.h
   27  Include\FMTyieldhandler.h
    2  Include\FMTyieldmodel.h
    2  Include\FMTyieldmodeldecisiontree.h
   24  Include\FMTyieldparser.h
    4  Include\FMTyieldrequest.h
   28  Include\FMTyields.h
    6  Include\PYdefinitions.h
   88  Include\PYexportCore.h
    3  Include\PYexportExceptions.h
    6  Include\PYexportGraph.h
   26  Include\PYexportHeuristics.h
   96  Include\PYexportModel.h
    5  Include\PYexportParallel.h
   26  Include\PYexportParser.h
   28  Include\PYexportSpatial.h
    8  Include\PYexportVersion.h
   23  Include\Rdefinitions.h
   43  Include\RexportCore.h
    2  Include\RexportExceptions.h
   10  Include\RexportHeuristics.h
   36  Include\RexportModel.h
    1  Include\RexportParallel.h
   10  Include\RexportParser.h
    4  Include\RexportSpatial.h
   21  Include\RexportVersion.h
   19  Source\FMTaction.cpp
   13  Source\FMTactionparser.cpp
   10  Source\FMTactualdevelopment.cpp
   41  Source\FMTageyieldhandler.cpp
   82  Source\FMTareaparser.cpp
    1  Source\FMTbasevertexproperties.cpp
    7  Source\FMTbindingspatialaction.cpp
    5  Source\FMTbounds.cpp
   90  Source\FMTcomplexyieldhandler.cpp
    1  Source\FMTconstantparser.cpp
    5  Source\FMTconstants.cpp
  133  Source\FMTconstraint.cpp
   11  Source\FMTcoordinate.cpp
   13  Source\FMTdata.cpp
   35  Source\FMTdevelopment.cpp
    1  Source\FMTedgeproperties.cpp
   24  Source\FMTevent.cpp
  159  Source\FMTeventcontainer.cpp
    4  Source\FMTeventrelation.cpp
    2  Source\FMTExcelExceptionHandler.cpp
    2  Source\FMTExcelLogger.cpp
    6  Source\FMTexception.cpp
   27  Source\FMTexceptionhandler.cpp
   14  Source\FMTexpression.cpp
   10  Source\FMTforest.cpp
   11  Source\FMTfork.cpp
    2  Source\FMTfreeexceptionhandler.cpp
    2  Source\FMTgraphvertextoyield.cpp
   13  Source\FMTlandscapeparser.cpp
    2  Source\FMTlayer.cpp
   77  Source\FMTlinegraph.cpp
   10  Source\FMTlogger.cpp
    8  Source\FMTlpheuristic.cpp
   13  Source\FMTlpheuristicmthandler.cpp
  211  Source\FMTlpmodel.cpp
   58  Source\FMTlpsolver.cpp
   23  Source\FMTmask.cpp
   15  Source\FMTmaskfilter.cpp
   16  Source\FMTmatrixbuild.cpp
  345  Source\FMTmodel.cpp
   11  Source\FMTmodelparameters.cpp
   57  Source\FMTmodelparser.cpp
   12  Source\FMTmodelyieldhandler.cpp
   33  Source\FMTnssmodel.cpp
   44  Source\FMTobject.cpp
   66  Source\FMTopareaschedulertask.cpp
   22  Source\FMToperatingareacluster.cpp
  155  Source\FMToperatingareaclusterer.cpp
  162  Source\FMToperatingareascheduler.cpp
   81  Source\FMToperatingareascheme.cpp
    3  Source\FMToperator.cpp
    5  Source\FMTopratingareaclusterbinary.cpp
   53  Source\FMToptimizationparser.cpp
  201  Source\FMToutput.cpp
   56  Source\FMToutputnode.cpp
   28  Source\FMToutputnodecache.cpp
   44  Source\FMToutputparser.cpp
   57  Source\FMToutputsource.cpp
   34  Source\FMTparallelwriter.cpp
    6  Source\FMTparser.cpp
   24  Source\FMTPatchRules.cpp
   12  Source\FMTplanningtask.cpp
   13  Source\FMTpredictor.cpp
   66  Source\FMTreplanningtask.cpp
   50  Source\FMTsamodel.cpp
   20  Source\FMTschedule.cpp
    5  Source\FMTscheduleparser.cpp
   50  Source\FMTsemodel.cpp
    3  Source\FMTserializablematrix.cpp
    3  Source\FMTsesmodel.cpp
    3  Source\FMTsolverlogger.cpp
   20  Source\FMTSpatialGraphs.cpp
  216  Source\FMTspatialschedule.cpp
   96  Source\FMTsrmodel.cpp
    7  Source\FMTtask.cpp
   11  Source\FMTtaskhandler.cpp
   19  Source\FMTtheme.cpp
   22  Source\FMTtimeyieldhandler.cpp
   21  Source\FMTtransition.cpp
   15  Source\FMTtransitionmask.cpp
   14  Source\FMTtransitionparser.cpp
   15  Source\FMTversion.cpp
    1  Source\FMTvertexproperties.cpp
    2  Source\FMTVirtualLineGraph.cpp
   36  Source\FMTyieldhandler.cpp
    1  Source\FMTyieldmodel.cpp
   34  Source\FMTyieldmodeldecisiontree.cpp
    9  Source\FMTyieldmodelnn.cpp
    6  Source\FMTyieldmodelRandom.cpp
    3  Source\FMTyieldmodelTSLA.cpp
    1  Source\FMTyieldmodelUnitCoverage.cpp
   85  Source\FMTyieldparser.cpp
    4  Source\FMTyieldrequest.cpp
   65  Source\FMTyields.cpp
   10  Source\FMTYieldsCache.cpp
    3  Source\planningtest.cpp
   35  FMTWrapperCore\Source\SES.cpp
    7  FMTWrapperCore\Source\Tools.cpp
    3  FMTWrapperCore\Source\TransformationCore.cpp
    1  FMTWrapperCore\tests\testWrapperCoreAggregateAllActions.cpp
    2  FMTWrapperCore\tests\testWrapperCoreSA.cpp
    2  FMTWrapperCore\tests\testWrapperCoreSES.cpp
    2  FMTWrapperCore\tests\testWrapperCoreWriteToProject.cpp
    1  UI\Source\FMTexceptionhandlerwarning.cpp
    1  UI\Source\FmtFormCache.cpp
--- 6100 occurrences across 211 files. APPLIED
